11.02.2025 
13:45
$PROBLEM    2 compartment fitting
$INPUT       ID TIME AMT RATE DV MDV EVID WT AGE SEX BUN SCR OCC CRCL COV1 COV2

$DATA      C:\temp\pd_selzer_6951/dataWithPeriod.csv IGNORE=@

$SUBROUTINE ADVAN12 ;; advan12 
$PK      
  CWTKGONE = WT/81  ;; WEIGHT CENTERED ON ONE
  CWTKGZERO = WT-81 ;; WEIGHT CENTERED ON ZERO
  CAGE = AGE/60     ;; AGE CENTERED ON ONE
  CCRCL = CRCL/85.6 ;; CRCL CENTERD ON ONE
  CCOV1 = COV1-15.4 ;; COVARIATE 1 CENTERED ON ZERO
  IOVV = 0  
  TVV2=THETA(1) *EXP(CWTKGZERO*THETA(9))   *EXP(COV2*THETA(10))  *EXP(IOVV)
  V2=TVV2*EXP(ETA(2))   
  IOVCL = 0
  TVCL= THETA(3) *CWTKGONE**THETA(11)    *EXP(IOVCL)
  CL=TVCL*EXP(ETA(1)) 

  K=CL/V2      
  K23=THETA(4)*CWTKGONE**THETA(8)
  K32=THETA(5)*CWTKGONE**THETA(8)
  K24=THETA(6)
  K42=THETA(7)  
  D1=THETA(12) *EXP(ETA(4)) ; infusion only    
  TVKA=THETA(2) 
  KA=TVKA  *EXP(ETA(3))     
  S2 = V2 
$ERROR     	
  REP = IREP      
  IPRED =F  
  IOBS = F *EXP(EPS(1))+EPS(2)
  Y=IOBS
$THETA      
  (0.001,100) 	; THETA(1) V  UNITS = L
  (0.001, 10) 	; THETA(2) KA UNITS = 1/HR    
  (0.001,2)	; THETA(3) CL UNITS =  L/HR
  (0.001,0.1) 	; THETA(4) K23 
  (0.001,0.1)	; THETA(5) K32 
  (0.001,0.1) 	; THETA(6) K24  
  (0.001,0.1) 	; THETA(7) K42  
  (0,0.1) 	; THETA(8) K23~WT 	 ;; init for K23~WT   
  (-1,0.01) 	; THETA(9) EXPONENTIAL volume ~WT    


  (-4,0.1) 	; THETA(10) EXPONENTIAL volume ~COV2 
  (-4,.7) 	; THETA(11) POWER clearance~WT  



  (0.01,0.2) 		;; THETA(12) D1  
$OMEGA    
  0.1  		; ETA(1) CLEARANCE 
  0.4  		; ETA(2) VOLUME  
$OMEGA ;; 2nd OMEGA block 
  0.1		; ETA(3) ETA ON KA  
$OMEGA ;; 3rd OMEGA block 
  0.1 		;; ETA(4) ETA ON ALAG1   
  ;; no iov ON CL
  ;; no iov ON V
$SIGMA   
  0.1 	; EPS(1) proportional error
  100 	; EPS(2) additive error

$EST METHOD=COND INTER MAX = 9999 MSFO=MSF1 PRINT = 10
$COV UNCOND PRINT=E  PRECOND=1 PRECONDS=TOS  MATRIX = R

;; Phenotype: ({'ADVAN': 2, 'K23~WT': 1, 'KAETA': 1, 'V2~WT': 2, 'V2~AGE': 0, 'V2~SEX': 0, 'V2~COV2': 1, 'CL~WT': 1, 'CL~AGE': 0, 'CL~CRCL': 0, 'CL~COV1': 0, 'IOVCL': 1, 'IOVV': 1, 'INITCL': 0, 'ETAD1LAG': 1, 'D1LAG': 1, 'RESERR': 0})
;; Genotype: [2, 1, 1, 2, 0, 0, 1, 1, 0, 0, 0, 1, 1, 0, 1, 1, 0]
;; Num non-influential tokens: 0
  
NM-TRAN MESSAGES 
  
 WARNINGS AND ERRORS (IF ANY) FOR PROBLEM    1
             
 (WARNING  2) NM-TRAN INFERS THAT THE DATA ARE POPULATION.
  
License Registered to: Universitat des Saarlandes
Expiration Date:    14 NOV 2025
Current Date:       11 FEB 2025
Days until program expires : 273
1NONLINEAR MIXED EFFECTS MODEL PROGRAM (NONMEM) VERSION 7.4.3
 ORIGINALLY DEVELOPED BY STUART BEAL, LEWIS SHEINER, AND ALISON BOECKMANN
 CURRENT DEVELOPERS ARE ROBERT BAUER, ICON DEVELOPMENT SOLUTIONS,
 AND ALISON BOECKMANN. IMPLEMENTATION, EFFICIENCY, AND STANDARDIZATION
 PERFORMED BY NOUS INFOSYSTEMS.

 PROBLEM NO.:         1
 2 compartment fitting
0DATA CHECKOUT RUN:              NO
 DATA SET LOCATED ON UNIT NO.:    2
 THIS UNIT TO BE REWOUND:        NO
 NO. OF DATA RECS IN DATA SET:     1110
 NO. OF DATA ITEMS IN DATA SET:  16
 ID DATA ITEM IS DATA ITEM NO.:   1
 DEP VARIABLE IS DATA ITEM NO.:   5
 MDV DATA ITEM IS DATA ITEM NO.:  6
0INDICES PASSED TO SUBROUTINE PRED:
   7   2   3   4   0   0   0   0   0   0   0
0LABELS FOR DATA ITEMS:
 ID TIME AMT RATE DV MDV EVID WT AGE SEX BUN SCR OCC CRCL COV1 COV2
0FORMAT FOR DATA:
 (E3.0,3E6.0,E8.0,2E1.0,E6.0,E4.0,E1.0,E5.0,E4.0,E1.0,E6.0,2E5.0)

 TOT. NO. OF OBS RECS:      951
 TOT. NO. OF INDIVIDUALS:       66
0LENGTH OF THETA:  12
0DEFAULT THETA BOUNDARY TEST OMITTED:    NO
0OMEGA HAS SIMPLE DIAGONAL FORM WITH DIMENSION:   4
0DEFAULT OMEGA BOUNDARY TEST OMITTED:    NO
0SIGMA HAS SIMPLE DIAGONAL FORM WITH DIMENSION:   2
0DEFAULT SIGMA BOUNDARY TEST OMITTED:    NO
0INITIAL ESTIMATE OF THETA:
 LOWER BOUND    INITIAL EST    UPPER BOUND
  0.1000E-02     0.1000E+03     0.1000E+07
  0.1000E-02     0.1000E+02     0.1000E+07
  0.1000E-02     0.2000E+01     0.1000E+07
  0.1000E-02     0.1000E+00     0.1000E+07
  0.1000E-02     0.1000E+00     0.1000E+07
  0.1000E-02     0.1000E+00     0.1000E+07
  0.1000E-02     0.1000E+00     0.1000E+07
  0.0000E+00     0.1000E+00     0.1000E+07
 -0.1000E+01     0.1000E-01     0.1000E+07
 -0.4000E+01     0.1000E+00     0.1000E+07
 -0.4000E+01     0.7000E+00     0.1000E+07
  0.1000E-01     0.2000E+00     0.1000E+07
0INITIAL ESTIMATE OF OMEGA:
 0.1000E+00
 0.0000E+00   0.4000E+00
 0.0000E+00   0.0000E+00   0.1000E+00
 0.0000E+00   0.0000E+00   0.0000E+00   0.1000E+00
0INITIAL ESTIMATE OF SIGMA:
 0.1000E+00
 0.0000E+00   0.1000E+03
0COVARIANCE STEP OMITTED:        NO
 R MATRIX SUBSTITUTED:          YES
 S MATRIX SUBSTITUTED:           NO
 EIGENVLS. PRINTED:             YES
 COMPRESSED FORMAT:              NO
 GRADIENT METHOD USED:     NOSLOW
 SIGDIGITS ETAHAT (SIGLO):                  -1
 SIGDIGITS GRADIENTS (SIGL):                -1
 EXCLUDE COV FOR FOCE (NOFCOV):              NO
 TURN OFF Cholesky Transposition of R Matrix (CHOLROFF): NO
 KNUTHSUMOFF:                                -1
 RESUME COV ANALYSIS (RESUME):               NO
 SIR SAMPLE SIZE (SIRSAMPLE):              -1
 NON-LINEARLY TRANSFORM THETAS DURING COV (THBND): 1
 PRECONDTIONING CYCLES (PRECOND):        1
 PRECONDTIONING TYPES (PRECONDS):        TOS
 FORCED PRECONDTIONING CYCLES (PFCOND):0
 PRECONDTIONING TYPE (PRETYPE):        0
 FORCED POS. DEFINITE SETTING: (FPOSDEF):0
1DOUBLE PRECISION PREDPP VERSION 7.4.3

 THREE COMPARTMENT MODEL WITH FIRST-ORDER ABSORPTION (ADVAN12)
0MAXIMUM NO. OF BASIC PK PARAMETERS:   7
0BASIC PK PARAMETERS (AFTER TRANSLATION):
   BASIC PK PARAMETER NO.  1: ELIMINATION RATE (K)
   BASIC PK PARAMETER NO.  2: CENTRAL-TO-PERIPH1 RATE (K23)
   BASIC PK PARAMETER NO.  3: PERIPH1-TO-CENTRAL RATE (K32)
   BASIC PK PARAMETER NO.  4: CENTRAL-TO-PERIPH2 RATE (K24)
   BASIC PK PARAMETER NO.  5: PERIPH2-TO-CENTRAL RATE (K42)
   BASIC PK PARAMETER NO.  7: ABSORPTION RATE (KA)
0COMPARTMENT ATTRIBUTES
 COMPT. NO.   FUNCTION   INITIAL    ON/OFF      DOSE      DEFAULT    DEFAULT
                         STATUS     ALLOWED    ALLOWED    FOR DOSE   FOR OBS.
    1         DEPOT        OFF        YES        YES        YES        NO
    2         CENTRAL      ON         NO         YES        NO         YES
    3         PERIPH1      ON         NO         YES        NO         NO
    4         PERIPH2      ON         NO         YES        NO         NO
    5         OUTPUT       OFF        YES        NO         NO         NO
1
 ADDITIONAL PK PARAMETERS - ASSIGNMENT OF ROWS IN GG
 COMPT. NO.                             INDICES
              SCALE      BIOAVAIL.   ZERO-ORDER  ZERO-ORDER  ABSORB
                         FRACTION    RATE        DURATION    LAG
    1            *           *           *           8           *
    2            9           *           *           *           *
    3            *           *           *           *           *
    4            *           *           *           *           *
    5            *           -           -           -           -
             - PARAMETER IS NOT ALLOWED FOR THIS MODEL
             * PARAMETER IS NOT SUPPLIED BY PK SUBROUTINE;
               WILL DEFAULT TO ONE IF APPLICABLE
0DATA ITEM INDICES USED BY PRED ARE:
   EVENT ID DATA ITEM IS DATA ITEM NO.:      7
   TIME DATA ITEM IS DATA ITEM NO.:          2
   DOSE AMOUNT DATA ITEM IS DATA ITEM NO.:   3
   DOSE RATE DATA ITEM IS DATA ITEM NO.:     4

0PK SUBROUTINE CALLED WITH EVERY EVENT RECORD.
 PK SUBROUTINE NOT CALLED AT NONEVENT (ADDITIONAL OR LAGGED) DOSE TIMES.
0ERROR SUBROUTINE CALLED WITH EVERY EVENT RECORD.
1


 #TBLN:      1
 #METH: First Order Conditional Estimation with Interaction

 ESTIMATION STEP OMITTED:                 NO
 ANALYSIS TYPE:                           POPULATION
 NUMBER OF SADDLE POINT RESET ITERATIONS:      0
 GRADIENT METHOD USED:               NOSLOW
 CONDITIONAL ESTIMATES USED:              YES
 CENTERED ETA:                            NO
 EPS-ETA INTERACTION:                     YES
 LAPLACIAN OBJ. FUNC.:                    NO
 NO. OF FUNCT. EVALS. ALLOWED:            9999
 NO. OF SIG. FIGURES REQUIRED:            3
 INTERMEDIATE PRINTOUT:                   YES
 ESTIMATE OUTPUT TO MSF:                  YES
 IND. OBJ. FUNC. VALUES SORTED:           NO
 NUMERICAL DERIVATIVE
       FILE REQUEST (NUMDER):               NONE
 MAP (ETAHAT) ESTIMATION METHOD (OPTMAP):   0
 ETA HESSIAN EVALUATION METHOD (ETADER):    0
 INITIAL ETA FOR MAP ESTIMATION (MCETA):    0
 SIGDIGITS FOR MAP ESTIMATION (SIGLO):      100
 GRADIENT SIGDIGITS OF
       FIXED EFFECTS PARAMETERS (SIGL):     100
 NOPRIOR SETTING (NOPRIOR):                 OFF
 NOCOV SETTING (NOCOV):                     OFF
 DERCONT SETTING (DERCONT):                 OFF
 FINAL ETA RE-EVALUATION (FNLETA):          ON
 EXCLUDE NON-INFLUENTIAL (NON-INFL.) ETAS
       IN SHRINKAGE (ETASTYPE):             NO
 NON-INFL. ETA CORRECTION (NONINFETA):      OFF
 RAW OUTPUT FILE (FILE): NM_01_04.ext
 EXCLUDE TITLE (NOTITLE):                   NO
 EXCLUDE COLUMN LABELS (NOLABEL):           NO
 FORMAT FOR ADDITIONAL FILES (FORMAT):      S1PE12.5
 PARAMETER ORDER FOR OUTPUTS (ORDER):       TSOL
 WISHART PRIOR DF INTERPRETATION (WISHTYPE):0
 KNUTHSUMOFF:                               0
 INCLUDE LNTWOPI:                           NO
 INCLUDE CONSTANT TERM TO PRIOR (PRIORC):   NO
 INCLUDE CONSTANT TERM TO OMEGA (ETA) (OLNTWOPI):NO
 ADDITIONAL CONVERGENCE TEST (CTYPE=4)?:    NO
 EM OR BAYESIAN METHOD USED:                 NONE


 THE FOLLOWING LABELS ARE EQUIVALENT
 PRED=PREDI
 RES=RESI
 WRES=WRESI
 IWRS=IWRESI
 IPRD=IPREDI
 IRS=IRESI

 MONITORING OF SEARCH:

0PRED EXIT CODE = 1
0INDIVIDUAL NO.      22   ID= 2.30000000000000E+01   (WITHIN-INDIVIDUAL) DATA REC NO.   2
 THETA=
  1.00E+02   1.00E+01   2.00E+00   1.00E-01   1.00E-01   1.00E-01   1.00E-01   1.00E-01   1.00E-02   1.00E-01
  7.00E-01   2.00E-01
 ETA=
  1.30E+00  -1.34E+00   3.26E-01   0.00E+00
 KA, K32, OR K42 IS TOO CLOSE TO AN EIGENVALUE                                                                                       
0PROGRAM TERMINATED BY OBJ
 MESSAGE ISSUED FROM ESTIMATION STEP

 #TERM:
  
 TOTAL DATA POINTS NORMALLY DISTRIBUTED (N):          357
 N*LOG(2PI) CONSTANT TO OBJECTIVE FUNCTION:    656.12211270813634     
 OBJECTIVE FUNCTION VALUE WITHOUT CONSTANT:    10794.597517262802     
 OBJECTIVE FUNCTION VALUE WITH CONSTANT:       11450.719629970939     
 REPORTED OBJECTIVE FUNCTION DOES NOT CONTAIN CONSTANT
  
 TOTAL EFFECTIVE ETAS (NIND*NETA):                            63
  
 #TERE:
 Elapsed estimation  time in seconds:     0.58
1THERE ARE ERROR MESSAGES IN FILE PRDERR                                                                  
 #CPUT: Total CPU Time in Seconds,        0.609
Stop Time: 
11.02.2025 
13:46
Post run R code Penalty = -100.0
Post run R code text = !!!!!!!!!!!!!!!!!!!!!! YOLO !!!!!!!!!!!!!!!!!!!!!!!!!!!!!!!!
OFV = 100
success = False
covariance = False
correlation = False
Condition # = 100
Num Non fixed THETAs = 12
Num Non fixed OMEGAs = 4
Num Non fixed SIGMAs = 2
Original run directory = D:\Users\selzer\pydarwin\pd_selzer_6951\temp\01\04
